// Jest Snapshot v1, https://goo.gl/fbAQLP

exports[`Content matches snapshot 1`] = `
.c0 .image-button-wrapper {
  border: none;
  padding: 0;
  margin: 0;
  background: none;
  display: inline-block;
  cursor: pointer;
}

.c0 .image-button-wrapper:focus {
  outline: 1px solid Highlight;
  outline: 1px solid -webkit-focus-ring-color;
  outline-offset: 2px;
}

.c0 .image-button-wrapper img {
  display: block;
  max-width: 100%;
  height: auto;
}

<span
  className="c0"
  dangerouslySetInnerHTML={
    Object {
      "__html": "<b>Content with HTML</b>",
    }
  }
/>
`;

exports[`Content renders with a custom renderer if set 1`] = `
<div
  className="custom-renderer"
  dangerouslySetInnerHTML={
    Object {
      "__html": "<b>Content with HTML</b>",
    }
  }
/>
`;
