// Jest Snapshot v1, https://goo.gl/fbAQLP

exports[`ExerciseQuestion matches snapshot 1`] = `
.c6 {
  background-color: #D4450C;
  color: #ffffff;
  font-size: 1.6rem;
  font-weight: 700;
  line-height: 2rem;
  display: -webkit-box;
  display: -webkit-flex;
  display: -ms-flexbox;
  display: flex;
  -webkit-flex-direction: row;
  -ms-flex-direction: row;
  flex-direction: row;
  -webkit-box-pack: center;
  -webkit-justify-content: center;
  -ms-flex-pack: center;
  justify-content: center;
  -webkit-align-items: center;
  -webkit-box-align: center;
  -ms-flex-align: center;
  align-items: center;
  height: 4rem;
  padding: 0 3rem;
  border: 0;
  border-radius: 5px;
  box-shadow: 0px 2px 4px rgba(0,0,0,0.2);
}

.c6:not([disabled]) {
  cursor: pointer;
}

.c6:not([disabled]):hover {
  background: #BE3C08;
}

.c6:not([disabled]):active {
  background: #B03808;
}

.c6:disabled {
  opacity: 0.4;
}

.c3 .image-button-wrapper {
  border: none;
  padding: 0;
  margin: 0;
  background: none;
  display: inline-block;
  cursor: pointer;
}

.c3 .image-button-wrapper:focus {
  outline: 1px solid Highlight;
  outline: 1px solid -webkit-focus-ring-color;
  outline-offset: 2px;
}

.c3 .image-button-wrapper img {
  display: block;
  max-width: 100%;
  height: auto;
}

.c4 {
  -webkit-clip: rect(0 0 0 0);
  clip: rect(0 0 0 0);
  -webkit-clip-path: inset(50%);
  clip-path: inset(50%);
  height: 1px;
  overflow: hidden;
  position: absolute;
  white-space: nowrap;
  width: 1px;
}

.c2 {
  width: 100%;
}

.c1.openstax-question img {
  display: block;
  margin: auto;
  max-width: 100%;
}

.c1.openstax-question .question-stem {
  margin-bottom: 0;
}

.c1.openstax-question .answers-table {
  font-size: calc(1.6rem * var(--content-text-scale,1));
  line-height: calc(2rem * var(--content-text-scale,1));
}

.c1.openstax-question .instructions {
  font-size: 1.4rem;
  font-style: italic;
  margin-top: 10px;
  color: #818181;
  margin: 0;
}

.c1.openstax-question .instructions i {
  margin-left: 5px;
}

.c1.openstax-question .instructions .text-info {
  color: #0dc0dc;
  padding-left: 5px;
  cursor: pointer;
  font-style: normal;
}

.c1.openstax-question .multiple-choice-prompt {
  font-weight: 600;
}

.c1.openstax-question:not(.openstax-question-preview) .answers-answer {
  width: initial;
  color: #424242;
}

.c1.openstax-question:not(.openstax-question-preview) .answers-answer.answer-selected {
  font-weight: bold;
}

.c1.openstax-question:not(.openstax-question-preview) .answers-answer .answer-label {
  display: -webkit-inline-box;
  display: -webkit-inline-flex;
  display: -ms-inline-flexbox;
  display: inline-flex;
}

.c1.openstax-question:not(.openstax-question-preview) .answers-answer .answer-letter-wrapper::before {
  width: 3.6rem;
  height: 3.6rem;
  min-width: 3.6rem;
  min-height: 3.6rem;
  border-radius: calc(3.6rem / 2);
  border-width: 2px;
  border-style: solid;
  border-color: #c6c6c6;
  color: #6f6f6f;
  -webkit-transition: color 0.1s ease-in-out,border-color 0.1s ease-in-out,background-color 0.1s ease-in-out;
  transition: color 0.1s ease-in-out,border-color 0.1s ease-in-out,background-color 0.1s ease-in-out;
  background-color: #ffffff;
  font-family: "Neue Helvetica W01",Helvetica,Arial,sans-serif;
  box-sizing: border-box;
  font-weight: normal;
}

.c1.openstax-question:not(.openstax-question-preview) .answer-answer {
  -webkit-flex: 1;
  -ms-flex: 1;
  flex: 1;
  display: -webkit-box;
  display: -webkit-flex;
  display: -ms-flexbox;
  display: flex;
  -webkit-flex-direction: column;
  -ms-flex-direction: column;
  flex-direction: column;
  -webkit-box-pack: center;
  -webkit-justify-content: center;
  -ms-flex-pack: center;
  justify-content: center;
  margin-left: 1rem;
}

.c1.openstax-question:not(.openstax-question-preview) .answer-answer * {
  margin: 0;
}

.c1.openstax-question:not(.openstax-question-preview) .answer-letter-wrapper::before {
  content: attr(data-answer-choice);
  text-align: center;
  padding: 0;
  font-size: 1.6rem;
  display: -webkit-box;
  display: -webkit-flex;
  display: -ms-flexbox;
  display: flex;
  -webkit-box-pack: center;
  -webkit-justify-content: center;
  -ms-flex-pack: center;
  justify-content: center;
  -webkit-align-items: center;
  -webkit-box-align: center;
  -ms-flex-align: center;
  align-items: center;
}

.c1.openstax-question:not(.openstax-question-preview) .answer-label {
  -webkit-align-items: center;
  -webkit-box-align: center;
  -ms-flex-align: center;
  align-items: center;
  width: 100%;
  padding: 1rem 0 0 0;
  margin: 0;
  -webkit-transition: color 0.1s ease-in-out;
  transition: color 0.1s ease-in-out;
}

.c1.openstax-question:not(.openstax-question-preview) .answer-input-box:not([disabled]) ~ .answer-label {
  cursor: pointer;
}

.c1.openstax-question:not(.openstax-question-preview) .answer-input-box:not([disabled]) ~ .answer-label:hover {
  font-weight: bold;
}

.c1.openstax-question:not(.openstax-question-preview) .answer-input-box:not([disabled]) ~ .answer-label:hover .answer-letter-wrapper::before {
  color: #026AA1;
  border-color: #026AA1;
}

.c1.openstax-question:not(.openstax-question-preview) .answer-input-box {
  -webkit-clip: rect(0 0 0 0);
  clip: rect(0 0 0 0);
  -webkit-clip-path: inset(50%);
  clip-path: inset(50%);
  height: 1px;
  overflow: hidden;
  position: absolute;
  white-space: nowrap;
  width: 1px;
}

.c1.openstax-question:not(.openstax-question-preview):not(.has-correct-answer) .answer-input-box:checked + .answer-label .answer-letter-wrapper::before,
.c1.openstax-question:not(.openstax-question-preview):not(.has-correct-answer) .answer-input-box:checked + .answer-label:hover .answer-letter-wrapper::before {
  color: #fff;
  border-color: #026AA1;
  background-color: #026AA1;
}

.c1.openstax-question:not(.openstax-question-preview):not(.has-correct-answer) .answer-input-box:focus-visible + .answer-label .answer-letter-wrapper::before {
  outline-style: solid;
  outline-width: 2px;
  outline-offset: 2px;
  outline-color: #026AA1;
}

.c1.openstax-question:not(.openstax-question-preview):not(.has-correct-answer) .answer-selected .answer-label .answer-letter-wrapper::before,
.c1.openstax-question:not(.openstax-question-preview):not(.has-correct-answer) .answer-selected .answer-label:hover .answer-letter-wrapper::before {
  color: #fff;
  border-color: #026AA1;
  background-color: #026AA1;
}

.c1.openstax-question:not(.openstax-question-preview).has-correct-answer .answer-selected:not(.answer-correct) .answer-label .answer-letter-wrapper::before {
  color: #fff;
  border-color: #C22032;
  background-color: #C22032;
}

.c1.openstax-question:not(.openstax-question-preview).has-correct-answer .answer-selected.answer-correct .answer-label .answer-letter-wrapper::before {
  color: #fff;
  border-color: #0D7741;
  background-color: #0D7741;
}

.c1.openstax-question:not(.openstax-question-preview).has-correct-answer .answer-correct:not(.answer-selected) .answer-label .answer-letter-wrapper::before {
  color: #0D7741;
  border-color: #0D7741;
}

.c1.openstax-question:not(.openstax-question-preview).has-incorrect-answer .answer-incorrect .answer-label .answer-letter-wrapper::before,
.c1.openstax-question:not(.openstax-question-preview).has-incorrect-answer .answer-incorrect .answer-label:hover .answer-letter-wrapper::before {
  color: #C22032;
  border-color: #C22032;
}

.c1.openstax-question:not(.openstax-question-preview).has-incorrect-answer .answer-incorrect.answer-selected.answer-incorrect .answer-letter-wrapper::before {
  color: #fff;
  border-color: #C22032;
  background-color: #C22032;
}

.c1.openstax-question:not(.openstax-question-preview) .question-feedback {
  font-family: "Neue Helvetica W01",Helvetica,-apple-system,BlinkMacSystemFont,"Segoe UI",Roboto,Arial,"Noto Sans","Liberation Sans",sans-serif,"Apple Color Emoji","Segoe UI Emoji","Segoe UI Symbol","Noto Color Emoji";
  font-style: normal;
  font-weight: 400;
  line-height: 1.6;
  text-align: left;
  text-align: start;
  -webkit-text-decoration: none;
  text-decoration: none;
  text-shadow: none;
  text-transform: none;
  -webkit-letter-spacing: normal;
  -moz-letter-spacing: normal;
  -ms-letter-spacing: normal;
  letter-spacing: normal;
  word-break: normal;
  word-spacing: normal;
  white-space: normal;
  line-break: auto;
  z-index: 1;
  position: relative;
  border: 1px solid rgba(0,0,0,0.2);
  background-color: #ffffff;
  background-clip: padding-box;
  max-width: 325px;
  margin: calc(8px - 14px) 0 1rem 8px;
  box-shadow: 0px 4px 4px rgba(0,0,0,0.1);
  color: #6f6f6f;
  font-size: calc(1.4rem * var(--content-text-scale,1));
  max-width: 370px;
}

.c1.openstax-question:not(.openstax-question-preview) .question-feedback .arrow {
  position: absolute;
  display: block;
  width: 16px;
  height: 8px;
  margin-left: 9px;
  top: calc(8px * -1);
}

.c1.openstax-question:not(.openstax-question-preview) .question-feedback .arrow::before,
.c1.openstax-question:not(.openstax-question-preview) .question-feedback .arrow::after {
  position: absolute;
  display: block;
  content: "";
  border-color: transparent;
  border-style: solid;
  border-width: 0 calc(16px / 2) 8px calc(16px / 2);
}

.c1.openstax-question:not(.openstax-question-preview) .question-feedback .arrow::before {
  top: 0;
  border-bottom-color: rgba(0,0,0,0.2);
}

.c1.openstax-question:not(.openstax-question-preview) .question-feedback .arrow::after {
  top: 1px;
  border-bottom-color: #ffffff;
}

.c1.openstax-question:not(.openstax-question-preview) .question-feedback.right {
  right: calc(-9px - 1px);
}

.c1.openstax-question:not(.openstax-question-preview) .question-feedback.right .arrow {
  right: 9px;
}

.c1.openstax-question:not(.openstax-question-preview) .question-feedback > .content {
  padding: 1rem 0.8rem;
}

.c1.openstax-question:not(.openstax-question-preview) .question-feedback .question-feedback-content {
  padding: 0.9rem 1.1rem;
}

.c1.openstax-question .openstax-answer {
  border-top: 1px solid #d5d5d5;
  margin: 10px 0;
  padding: 6px 8px;
}

.c1.openstax-question .answers-table > :last-child {
  margin-bottom: 0;
}

.c1.openstax-question .answers-table + * {
  margin-top: 20px;
}

.c0 {
  padding: var(--step-card-gutter-top) var(--step-card-gutter) var(--step-card-gutter-bottom);
  background: var(--step-card-surface);
  overflow: auto;
  border-top: 1px solid #d5d5d5;
}

.c5 {
  padding: 0 var(--step-card-gutter) var(--step-card-gutter-bottom);
  border-top: 1px solid #d5d5d5;
  display: -webkit-box;
  display: -webkit-flex;
  display: -ms-flexbox;
  display: flex;
  -webkit-flex-wrap: wrap;
  -ms-flex-wrap: wrap;
  flex-wrap: wrap;
  -webkit-box-pack: justify;
  -webkit-justify-content: space-between;
  -ms-flex-pack: justify;
  justify-content: space-between;
  font-size: calc(1.6rem * var(--content-text-scale,1));
  line-height: calc(2rem * var(--content-text-scale,1));
  background: #fdfdfd;
  overflow: auto;
}

.c5 > * {
  -webkit-box-flex: 1;
  -webkit-flex-grow: 1;
  -ms-flex-positive: 1;
  flex-grow: 1;
}

.c5 button {
  width: 160px;
  height: 48px;
}

.c5 .step-card-footer-inner {
  padding-top: 32px;
  display: -webkit-box;
  display: -webkit-flex;
  display: -ms-flexbox;
  display: flex;
  -webkit-box-pack: justify;
  -webkit-justify-content: space-between;
  -ms-flex-pack: justify;
  justify-content: space-between;
  gap: 1.6rem;
}

.c5 .points .attempts-left {
  color: #B03808;
  font-weight: bold;
}

.c5 .controls {
  display: -webkit-box;
  display: -webkit-flex;
  display: -ms-flexbox;
  display: flex;
  -webkit-flex-flow: row nowrap;
  -ms-flex-flow: row nowrap;
  flex-flow: row nowrap;
  -webkit-box-pack: end;
  -webkit-justify-content: flex-end;
  -ms-flex-pack: end;
  justify-content: flex-end;
  gap: 0.8rem;
  margin-left: auto;
}

.c5 .controls button:has(~ button),
.c5 .controls button + button {
  -webkit-flex-shrink: 1;
  -ms-flex-negative: 1;
  flex-shrink: 1;
  min-width: 0;
  width: 100px;
}

@media (max-width:600px) {
  .c5 .step-card-footer-inner {
    -webkit-flex-wrap: wrap;
    -ms-flex-wrap: wrap;
    flex-wrap: wrap;
  }
}

@media (min-width:1000px) {
  .c5 {
    padding: 0 var(--step-card-gutter) 32px;
    -webkit-flex-wrap: nowrap;
    -ms-flex-wrap: nowrap;
    flex-wrap: nowrap;
  }

  .c5 .points {
    max-width: 400px;
  }
}

<div
  data-test-id="student-exercise-question"
>
  <div
    className="c0 step-card-question step-card-body"
  >
    <div
      className="c1 openstax-question"
      data-question-number={1}
      data-test-id="question"
    >
      <div
        className="c2"
      >
        <div>
          <div
            className="c3 question-stem"
            dangerouslySetInnerHTML={
              Object {
                "__html": "Is this a question?",
              }
            }
            data-question-number={1}
          />
          <div
            aria-label="Answer choices"
            className="answers-table"
            role="radiogroup"
          >
            <div
              className="openstax-answer"
            >
              <div
                className="answers-answer disabled"
              >
                <input
                  checked={false}
                  className="answer-input-box"
                  disabled={true}
                  id="1-option-0"
                  name="1-options"
                  onChange={[Function]}
                  type="radio"
                />
                <label
                  className="answer-label"
                  htmlFor="1-option-0"
                >
                  <span
                    aria-hidden="true"
                    className="answer-letter-wrapper"
                    data-answer-choice="A"
                    data-test-id="answer-choice-A"
                  />
                  <span
                    className="c4 answer-choice-label"
                  >
                    Choice A:
                  </span>
                  <div
                    className="answer-answer"
                  >
                    <div
                      aria-atomic="true"
                      aria-live="polite"
                      className="answer-indicator-live"
                      role="status"
                    />
                    <span
                      className="c3 answer-content"
                      dangerouslySetInnerHTML={
                        Object {
                          "__html": "True",
                        }
                      }
                    />
                  </div>
                </label>
              </div>
            </div>
            <div
              className="openstax-answer"
            >
              <div
                className="answers-answer disabled"
              >
                <input
                  checked={false}
                  className="answer-input-box"
                  disabled={true}
                  id="1-option-1"
                  name="1-options"
                  onChange={[Function]}
                  type="radio"
                />
                <label
                  className="answer-label"
                  htmlFor="1-option-1"
                >
                  <span
                    aria-hidden="true"
                    className="answer-letter-wrapper"
                    data-answer-choice="B"
                    data-test-id="answer-choice-B"
                  />
                  <span
                    className="c4 answer-choice-label"
                  >
                    Choice B:
                  </span>
                  <div
                    className="answer-answer"
                  >
                    <div
                      aria-atomic="true"
                      aria-live="polite"
                      className="answer-indicator-live"
                      role="status"
                    />
                    <span
                      className="c3 answer-content"
                      dangerouslySetInnerHTML={
                        Object {
                          "__html": "False",
                        }
                      }
                    />
                  </div>
                </label>
              </div>
            </div>
          </div>
        </div>
      </div>
    </div>
  </div>
  <div
    className="c5 step-card-footer"
  >
    <div
      className="step-card-footer-inner"
    >
      <div
        className="controls"
      >
        <button
          className="c6"
          data-test-id="continue-btn"
          onClick={[Function]}
        >
          Next
        </button>
      </div>
    </div>
  </div>
</div>
`;
