// Jest Snapshot v1, https://goo.gl/fbAQLP

exports[`Loader matches snapshot 1`] = `
.c0 {
  max-width: 1000px;
  padding: 2rem;
  margin: 2rem;
  border: 1px solid #e4e4e4;
  border-radius: 0.25rem;
  background-color: white;
  display: -webkit-box;
  display: -webkit-flex;
  display: -ms-flexbox;
  display: flex;
  -webkit-box-pack: center;
  -webkit-justify-content: center;
  -ms-flex-pack: center;
  justify-content: center;
  -webkit-align-items: center;
  -webkit-box-align: center;
  -ms-flex-align: center;
  align-items: center;
}

.c0 > svg {
  max-width: 600px;
  -webkit-box-flex: 1;
  -webkit-flex-grow: 1;
  -ms-flex-positive: 1;
  flex-grow: 1;
}

@media (min-width:960px) {
  .c0 {
    min-height: 53.8rem;
  }
}

<div
  className="c0"
>
  <svg
    aria-labelledby="OSLoader-aria"
    id={null}
    role="img"
    style={Object {}}
    viewBox="0 0 245 125"
  >
    <title
      id="OSLoader-aria"
    >
      Loading...
    </title>
    <rect
      clipPath="url(#OSLoader-diff)"
      height="100%"
      role="presentation"
      style={
        Object {
          "fill": "url(#OSLoader-animated-diff)",
        }
      }
      width="100%"
      x="0"
      y="0"
    />
    <defs>
      <clipPath
        id="OSLoader-diff"
      >
        <circle
          cx="10"
          cy="20"
          r="8"
        />
        <rect
          height="10"
          rx="5"
          ry="5"
          width="220"
          x="25"
          y="15"
        />
        <circle
          cx="10"
          cy="50"
          r="8"
        />
        <rect
          height="10"
          rx="5"
          ry="5"
          width="220"
          x="25"
          y="45"
        />
        <circle
          cx="10"
          cy="80"
          r="8"
        />
        <rect
          height="10"
          rx="5"
          ry="5"
          width="220"
          x="25"
          y="75"
        />
        <circle
          cx="10"
          cy="110"
          r="8"
        />
        <rect
          height="10"
          rx="5"
          ry="5"
          width="220"
          x="25"
          y="105"
        />
      </clipPath>
      <linearGradient
        id="OSLoader-animated-diff"
      >
        <stop
          offset="0%"
          stopColor="#f5f6f7"
          stopOpacity={1}
        >
          <animate
            attributeName="offset"
            dur="1.2s"
            keyTimes="0; 0.25; 1"
            repeatCount="indefinite"
            values="-2; -2; 1"
          />
        </stop>
        <stop
          offset="50%"
          stopColor="#eee"
          stopOpacity={1}
        >
          <animate
            attributeName="offset"
            dur="1.2s"
            keyTimes="0; 0.25; 1"
            repeatCount="indefinite"
            values="-1; -1; 2"
          />
        </stop>
        <stop
          offset="100%"
          stopColor="#f5f6f7"
          stopOpacity={1}
        >
          <animate
            attributeName="offset"
            dur="1.2s"
            keyTimes="0; 0.25; 1"
            repeatCount="indefinite"
            values="0; 0; 3"
          />
        </stop>
      </linearGradient>
    </defs>
  </svg>
</div>
`;
