// Jest Snapshot v1, https://goo.gl/fbAQLP

exports[`MediaModal matches snapshot 1`] = `
.c0 {
  position: fixed;
  inset: 0;
  background-color: rgba(0,0,0,0.9);
  z-index: 1000;
  display: -webkit-box;
  display: -webkit-flex;
  display: -ms-flexbox;
  display: flex;
}

.c4 {
  background: white;
  max-width: 100vw;
  max-height: calc(100vh - 10.4rem);
  overflow: auto;
}

.c4 > img {
  display: block;
}

.c3 {
  position: absolute;
  top: -4.7rem;
  right: 0.5rem;
  z-index: 10;
  background: none;
  border: none;
  padding: 0;
  cursor: pointer;
  width: 4.2rem;
  height: 4.2rem;
}

.c2 {
  position: relative;
  pointer-events: auto;
}

.c1 {
  position: fixed;
  inset: 0;
  overflow: hidden;
  z-index: 10;
  display: -webkit-box;
  display: -webkit-flex;
  display: -ms-flexbox;
  display: flex;
  -webkit-box-pack: center;
  -webkit-justify-content: center;
  -ms-flex-pack: center;
  justify-content: center;
  -webkit-align-items: center;
  -webkit-box-align: center;
  -ms-flex-align: center;
  align-items: center;
  pointer-events: none;
}

<div
  className="c0"
  onClick={[MockFunction]}
>
  <div
    aria-modal="true"
    className="c1"
    role="dialog"
  >
    <div
      className="c2"
      onClick={[Function]}
      tabIndex={-1}
    >
      <button
        aria-label="Close media preview"
        className="c3"
        onClick={[MockFunction]}
      >
        <svg
          height="42"
          viewBox="0 0 42 42"
          width="42"
          xmlns="http://www.w3.org/2000/svg"
        >
          <rect
            fill="none"
            height="40"
            rx="20"
            stroke="white"
            width="40"
            x="1"
            y="1"
          />
          <line
            stroke="white"
            strokeLinecap="round"
            strokeWidth="2"
            x1="16"
            x2="26"
            y1="16"
            y2="26"
          />
          <line
            stroke="white"
            strokeLinecap="round"
            strokeWidth="2"
            x1="26"
            x2="16"
            y1="16"
            y2="26"
          />
        </svg>
      </button>
      <div
        className="c4"
      >
        <div>
          Test Content
        </div>
      </div>
    </div>
  </div>
</div>
`;

exports[`MediaModal renders correctly when isOpen is true 1`] = `
.c0 {
  position: fixed;
  inset: 0;
  background-color: rgba(0,0,0,0.9);
  z-index: 1000;
  display: -webkit-box;
  display: -webkit-flex;
  display: -ms-flexbox;
  display: flex;
}

.c4 {
  background: white;
  max-width: 100vw;
  max-height: calc(100vh - 10.4rem);
  overflow: auto;
}

.c4 > img {
  display: block;
}

.c3 {
  position: absolute;
  top: -4.7rem;
  right: 0.5rem;
  z-index: 10;
  background: none;
  border: none;
  padding: 0;
  cursor: pointer;
  width: 4.2rem;
  height: 4.2rem;
}

.c2 {
  position: relative;
  pointer-events: auto;
}

.c1 {
  position: fixed;
  inset: 0;
  overflow: hidden;
  z-index: 10;
  display: -webkit-box;
  display: -webkit-flex;
  display: -ms-flexbox;
  display: flex;
  -webkit-box-pack: center;
  -webkit-justify-content: center;
  -ms-flex-pack: center;
  justify-content: center;
  -webkit-align-items: center;
  -webkit-box-align: center;
  -ms-flex-align: center;
  align-items: center;
  pointer-events: none;
}

<div
  className="c0"
  onClick={[MockFunction]}
>
  <div
    aria-modal="true"
    className="c1"
    role="dialog"
  >
    <div
      className="c2"
      onClick={[Function]}
      tabIndex={-1}
    >
      <button
        aria-label="Close media preview"
        className="c3"
        onClick={[MockFunction]}
      >
        <svg
          height="42"
          viewBox="0 0 42 42"
          width="42"
          xmlns="http://www.w3.org/2000/svg"
        >
          <rect
            fill="none"
            height="40"
            rx="20"
            stroke="white"
            width="40"
            x="1"
            y="1"
          />
          <line
            stroke="white"
            strokeLinecap="round"
            strokeWidth="2"
            x1="16"
            x2="26"
            y1="16"
            y2="26"
          />
          <line
            stroke="white"
            strokeLinecap="round"
            strokeWidth="2"
            x1="26"
            x2="16"
            y1="16"
            y2="26"
          />
        </svg>
      </button>
      <div
        className="c4"
      >
        <div>
          Test Content
        </div>
      </div>
    </div>
  </div>
</div>
`;
