// Jest Snapshot v1, https://goo.gl/fbAQLP

exports[`ProgressBar matches snapshot 1`] = `
<div
  className="sc-dkzDqf cOomSk"
>
  <span
    className="sc-bczRLJ jWccEi"
  >
    <button
      className="sc-gsnTZi dyIueX"
      onClick={[Function]}
    >
      1
    </button>
  </span>
  <span
    className="sc-bczRLJ jWccEi"
  >
    <button
      className="sc-gsnTZi eNZpIS"
      onClick={[Function]}
    >
      2
    </button>
  </span>
  <span
    className="sc-bczRLJ jWccEi"
  >
    <button
      className="sc-gsnTZi dyIueX"
      onClick={[Function]}
    >
      3
    </button>
  </span>
  <span
    className="sc-bczRLJ jWccEi"
  >
    <button
      className="sc-gsnTZi gYaJti"
      onClick={[Function]}
    >
      4
    </button>
  </span>
  <span
    className="sc-bczRLJ jWccEi"
  >
    <button
      className="sc-gsnTZi bYOryg"
      onClick={[Function]}
    >
      5
    </button>
  </span>
  <span
    className="sc-bczRLJ jWccEi"
  >
    <button
      className="sc-gsnTZi bYOryg"
      onClick={[Function]}
    >
      6
    </button>
  </span>
</div>
`;
